// Jest Snapshot v1, https://goo.gl/fbAQLP

exports[`App component renders App 1`] = `
<DocumentFragment>
  <div>
    <form>
      <label
        for="name"
      >
        Muppet Name
      </label>
      <input
        id="name"
        name="name"
        type="text"
      />
      <label
        for="performer"
      >
        Performer Name
      </label>
      <input
        id="performer"
        name="performer"
        type="text"
      />
      <label
        for="image"
      >
        Image URL
      </label>
      <input
        id="image"
        name="image"
        type="text"
      />
      <button
        data-testid="button"
      >
        Create Muppet!
      </button>
    </form>
  </div>
</DocumentFragment>
`;
